e: file:///home/runner/work/DriveMuse/DriveMuse/app/src/main/java/ai/drivemuse/app/ui/SettingsScreen.kt:242:94 Argument type mismatch: actual type is 'Function0<Unit>', but 'Boolean' was expected.
e: file:///home/runner/work/DriveMuse/DriveMuse/app/src/main/java/ai/drivemuse/app/ui/SettingsScreen.kt:242:94 No value passed for parameter 'onClick'.
e: file:///home/runner/work/DriveMuse/DriveMuse/app/src/main/java/ai/drivemuse/app/ui/SettingsScreen.kt:243:95 Argument type mismatch: actual type is 'Function0<Unit>', but 'Boolean' was expected.
e: file:///home/runner/work/DriveMuse/DriveMuse/app/src/main/java/ai/drivemuse/app/ui/SettingsScreen.kt:243:95 No value passed for parameter 'onClick'.
gradle/actions: Writing build results to /home/runner/work/_temp/.gradle-actions/build-results/__run_4-1789877189141.json

FAILURE: Build failed with an exception.

* What went wrong:
Execution failed for task ':app:compileDebugKotlin'.
> A failure occurred while executing org.jetbrains.kotlin.compilerRunner.GradleCompilerRunnerWithWorkers$GradleKotlinCompilerWorkAction
